The following package(s) were loaded before renv activated this project:
- BiocManager [~/Library/Caches/org.R-project.R/R/renv/cache/v5/macos/R-4.5/x86_64-apple-darwin20/BiocManager/1.30.27/594af2c6021b55271b6759d004a25ca2/BiocManager]
These packages are not managed by renv and may cause `renv::status()`
and `renv::snapshot()` to report inconsistencies. Restart R in a clean
session to recover. The paths above may help identify where each
package was loaded from.
Set `RENV_CONFIG_NAMESPACES_CHECK=FALSE` to silence this check.

- The project is out-of-sync -- use `renv::status()` for details.
── Attaching core tidyverse packages ──────────────────────── tidyverse 2.0.0 ──
✔ dplyr     1.2.1     ✔ readr     2.2.0
✔ forcats   1.0.1     ✔ stringr   1.6.0
✔ ggplot2   4.0.3     ✔ tibble    3.3.1
✔ lubridate 1.9.5     ✔ tidyr     1.3.2
✔ purrr     1.2.2     
── Conflicts ────────────────────────────────────────── tidyverse_conflicts() ──
✖ dplyr::filter() masks stats::filter()
✖ dplyr::lag()    masks stats::lag()
ℹ Use the conflicted package (<http://conflicted.r-lib.org/>) to force all conflicts to become errors

載入套件：‘data.table’

下列物件被遮斷自 ‘package:lubridate’:

    hour, isoweek, isoyear, mday, minute, month, quarter, second, wday,
    week, yday, year

下列物件被遮斷自 ‘package:dplyr’:

    between, first, last

下列物件被遮斷自 ‘package:purrr’:

    transpose

載入需要的套件：MatrixGenerics
載入需要的套件：matrixStats

載入套件：‘matrixStats’

下列物件被遮斷自 ‘package:dplyr’:

    count


載入套件：‘MatrixGenerics’

下列物件被遮斷自 ‘package:matrixStats’:

    colAlls, colAnyNAs, colAnys, colAvgsPerRowSet, colCollapse,
    colCounts, colCummaxs, colCummins, colCumprods, colCumsums,
    colDiffs, colIQRDiffs, colIQRs, colLogSumExps, colMadDiffs,
    colMads, colMaxs, colMeans2, colMedians, colMins, colOrderStats,
    colProds, colQuantiles, colRanges, colRanks, colSdDiffs, colSds,
    colSums2, colTabulates, colVarDiffs, colVars, colWeightedMads,
    colWeightedMeans, colWeightedMedians, colWeightedSds,
    colWeightedVars, rowAlls, rowAnyNAs, rowAnys, rowAvgsPerColSet,
    rowCollapse, rowCounts, rowCummaxs, rowCummins, rowCumprods,
    rowCumsums, rowDiffs, rowIQRDiffs, rowIQRs, rowLogSumExps,
    rowMadDiffs, rowMads, rowMaxs, rowMeans2, rowMedians, rowMins,
    rowOrderStats, rowProds, rowQuantiles, rowRanges, rowRanks,
    rowSdDiffs, rowSds, rowSums2, rowTabulates, rowVarDiffs, rowVars,
    rowWeightedMads, rowWeightedMeans, rowWeightedMedians,
    rowWeightedSds, rowWeightedVars

載入需要的套件：GenomicRanges
載入需要的套件：stats4
載入需要的套件：BiocGenerics
載入需要的套件：generics

載入套件：‘generics’

下列物件被遮斷自 ‘package:lubridate’:

    as.difftime

下列物件被遮斷自 ‘package:dplyr’:

    explain

下列物件被遮斷自 ‘package:base’:

    as.difftime, as.factor, as.ordered, intersect, is.element, setdiff,
    setequal, union


載入套件：‘BiocGenerics’

下列物件被遮斷自 ‘package:dplyr’:

    combine

下列物件被遮斷自 ‘package:stats’:

    IQR, mad, sd, var, xtabs

下列物件被遮斷自 ‘package:base’:

    anyDuplicated, aperm, append, as.data.frame, basename, cbind,
    colnames, dirname, do.call, duplicated, eval, evalq, Filter, Find,
    get, grep, grepl, is.unsorted, lapply, Map, mapply, match, mget,
    order, paste, pmax, pmax.int, pmin, pmin.int, Position, rank,
    rbind, Reduce, rownames, sapply, saveRDS, table, tapply, unique,
    unsplit, which.max, which.min

載入需要的套件：S4Vectors

載入套件：‘S4Vectors’

下列物件被遮斷自 ‘package:data.table’:

    first, second

下列物件被遮斷自 ‘package:lubridate’:

    second, second<-

下列物件被遮斷自 ‘package:dplyr’:

    first, rename

下列物件被遮斷自 ‘package:tidyr’:

    expand

下列物件被遮斷自 ‘package:utils’:

    findMatches

下列物件被遮斷自 ‘package:base’:

    expand.grid, I, unname

載入需要的套件：IRanges

載入套件：‘IRanges’

下列物件被遮斷自 ‘package:data.table’:

    shift

下列物件被遮斷自 ‘package:lubridate’:

    %within%

下列物件被遮斷自 ‘package:dplyr’:

    collapse, desc, slice

下列物件被遮斷自 ‘package:purrr’:

    reduce

載入需要的套件：Seqinfo
載入需要的套件：Biobase
Welcome to Bioconductor

    Vignettes contain introductory material; view with
    'browseVignettes()'. To cite Bioconductor, see
    'citation("Biobase")', and for packages 'citation("pkgname")'.


載入套件：‘Biobase’

下列物件被遮斷自 ‘package:MatrixGenerics’:

    rowMedians

下列物件被遮斷自 ‘package:matrixStats’:

    anyMissing, rowMedians

警告訊息：
1: Removed 6 rows containing missing values or values outside the scale range
(`geom_ribbon()`). 
2: Removed 2 rows containing missing values or values outside the scale range
(`geom_ribbon()`). 
